Had     0 errors
Have    45 sessions
Read in 561 lines
{"acc":"/","agent":"-","bytecount":5110,"cmds":"GET","cnt":35,"domain":"sra-download.ncbi.nlm.nih.gov","end":1564531320.0,"ip":"165.112.6.3","start":1564531320.0,"status":"403"}
{"acc":"/MLST/1637.listeria.wgmlst.schema.1 HTTP/1.1","agent":"Python-urllib/2.7","bytecount":11293934,"cmds":"GET","cnt":4,"domain":"sra-download.ncbi.nlm.nih.gov","end":1564531241.0,"ip":"130.14.28.7","start":1564531241.0,"status":"200 301"}
{"acc":"/MLST/1637.listeria.wgmlst.schema.1 HTTP/1.1","agent":"Python-urllib/2.7","bytecount":22587868,"cmds":"GET","cnt":8,"domain":"sra-download.ncbi.nlm.nih.gov","end":1564531659.0,"ip":"130.14.28.11","start":1564531659.0,"status":"200 301"}
{"acc":"/MLST/1637.listeria.wgmlst.schema.1 HTTP/1.1","agent":"Python-urllib/2.7","bytecount":22588354,"cmds":"GET","cnt":11,"domain":"sra-download.ncbi.nlm.nih.gov","end":1564532499.0,"ip":"130.14.28.140","start":1564532499.0,"status":"200 301"}
{"acc":"/MLST/1637.listeria.wgmlst.schema.1 HTTP/1.1","agent":"Python-urllib/2.7","bytecount":50823513,"cmds":"GET","cnt":23,"domain":"sra-download.ncbi.nlm.nih.gov","end":1564531475.0,"ip":"130.14.28.32","start":1564531475.0,"status":"200 301"}
{"acc":"/debug HTTP/1.1","agent":"Python-urllib/2.7","bytecount":14336,"cmds":"GET","cnt":14,"domain":"sra-download.ncbi.nlm.nih.gov","end":1564531475.0,"ip":"130.14.28.32","start":1564531475.0,"status":"200"}
{"acc":"/debug HTTP/1.1","agent":"Python-urllib/2.7","bytecount":2048,"cmds":"GET","cnt":2,"domain":"sra-download.ncbi.nlm.nih.gov","end":1564531664.0,"ip":"130.14.28.11","start":1564531664.0,"status":"200"}
{"acc":"/debug HTTP/1.1","agent":"Python-urllib/2.7","bytecount":3072,"cmds":"GET","cnt":3,"domain":"sra-download.ncbi.nlm.nih.gov","end":1564531245.0,"ip":"130.14.28.7","start":1564531245.0,"status":"200"}
{"acc":"/debug HTTP/1.1","agent":"Python-urllib/2.7","bytecount":8192,"cmds":"GET","cnt":8,"domain":"sra-download.ncbi.nlm.nih.gov","end":1564532204.0,"ip":"130.14.28.140","start":1564532204.0,"status":"200"}
{"acc":"/srapub_files/3896971 HTTP/1.1","agent":"Python-urllib/2.7","bytecount":2648,"cmds":"GET","cnt":16,"domain":"sra-download.ncbi.nlm.nih.gov","end":1564532203.0,"ip":"130.14.28.140","start":1564532203.0,"status":"200 301"}
{"acc":"/srapub_files/3896971 HTTP/1.1","agent":"Python-urllib/2.7","bytecount":4634,"cmds":"GET","cnt":28,"domain":"sra-download.ncbi.nlm.nih.gov","end":1564531475.0,"ip":"130.14.28.32","start":1564531475.0,"status":"200 301"}
{"acc":"/srapub_files/3896971 HTTP/1.1","agent":"Python-urllib/2.7","bytecount":662,"cmds":"GET","cnt":4,"domain":"sra-download.ncbi.nlm.nih.gov","end":1564531244.0,"ip":"130.14.28.7","start":1564531244.0,"status":"200 301"}
{"acc":"/srapub_files/3896971 HTTP/1.1","agent":"Python-urllib/2.7","bytecount":993,"cmds":"GET","cnt":6,"domain":"sra-download.ncbi.nlm.nih.gov","end":1564531662.0,"ip":"130.14.28.11","start":1564531662.0,"status":"200 301"}
{"acc":"/srapub_files/SRZ049711_motif_summary.csv HTTP/1.1","agent":"Python-urllib/2.7","bytecount":1324,"cmds":"GET","cnt":8,"domain":"sra-download.ncbi.nlm.nih.gov","end":1564531660.0,"ip":"130.14.28.11","start":1564531660.0,"status":"200 301"}
{"acc":"/srapub_files/SRZ049711_motif_summary.csv HTTP/1.1","agent":"Python-urllib/2.7","bytecount":2317,"cmds":"GET","cnt":14,"domain":"sra-download.ncbi.nlm.nih.gov","end":1564532500.0,"ip":"130.14.28.140","start":1564532500.0,"status":"200 301"}
{"acc":"/srapub_files/SRZ049711_motif_summary.csv HTTP/1.1","agent":"Python-urllib/2.7","bytecount":4634,"cmds":"GET","cnt":28,"domain":"sra-download.ncbi.nlm.nih.gov","end":1564531475.0,"ip":"130.14.28.32","start":1564531475.0,"status":"200 301"}
{"acc":"/srapub_files/SRZ049711_motif_summary.csv HTTP/1.1","agent":"Python-urllib/2.7","bytecount":662,"cmds":"GET","cnt":4,"domain":"sra-download.ncbi.nlm.nih.gov","end":1564531241.0,"ip":"130.14.28.7","start":1564531241.0,"status":"200 301"}
{"acc":"/traces/nannot01/kmer/000/001/GCA_000001405.14_L HTTP/1.1","agent":"Python-urllib/2.7","bytecount":107585901,"cmds":"GET","cnt":3,"domain":"sra-download.ncbi.nlm.nih.gov","end":1564531246.352,"ip":"130.14.28.7","start":1564531245.0,"status":"200"}
{"acc":"/traces/nannot01/kmer/000/001/GCA_000001405.14_L HTTP/1.1","agent":"Python-urllib/2.7","bytecount":215996526,"cmds":"GET","cnt":6,"domain":"sra-download.ncbi.nlm.nih.gov","end":1564532205.398,"ip":"130.14.28.140","start":1564532204.0,"status":"200"}
{"acc":"/traces/nannot01/kmer/000/001/GCA_000001405.14_L HTTP/1.1","agent":"Python-urllib/2.7","bytecount":347248422,"cmds":"GET","cnt":10,"domain":"sra-download.ncbi.nlm.nih.gov","end":1564532558.069,"ip":"130.14.28.32","start":1564532556.0,"status":"200"}
{"acc":"/traces/nannot01/kmer/000/001/GCA_000001405.14_L HTTP/1.1","agent":"Python-urllib/2.7","bytecount":71626386,"cmds":"GET","cnt":2,"domain":"sra-download.ncbi.nlm.nih.gov","end":1564531665.621,"ip":"130.14.28.11","start":1564531664.0,"status":"200"}
{"acc":"/traces/refseq/CM000001.2 HTTP/1.1","agent":"Python-urllib/2.7","bytecount":184554042,"cmds":"GET","cnt":6,"domain":"sra-download.ncbi.nlm.nih.gov","end":1564531916.669,"ip":"130.14.28.11","start":1564531915.0,"status":"200"}
{"acc":"/traces/refseq/CM000001.2 HTTP/1.1","agent":"Python-urllib/2.7","bytecount":215313049,"cmds":"GET","cnt":7,"domain":"sra-download.ncbi.nlm.nih.gov","end":1564531317.648,"ip":"130.14.28.7","start":1564531317.0,"status":"200"}
{"acc":"/traces/refseq/CM000001.2 HTTP/1.1","agent":"Python-urllib/2.7","bytecount":246072056,"cmds":"GET","cnt":8,"domain":"sra-download.ncbi.nlm.nih.gov","end":1564531317.434,"ip":"130.14.28.140","start":1564531316.0,"status":"200"}
{"acc":"/traces/refseq/CM000001.2 HTTP/1.1","agent":"Python-urllib/2.7","bytecount":369108084,"cmds":"GET","cnt":12,"domain":"sra-download.ncbi.nlm.nih.gov","end":1564531418.283,"ip":"130.14.28.32","start":1564531415.0,"status":"200"}
{"acc":"/traces/wgs03/WGS/AA/AA/AAAA01 HTTP/1.1","agent":"Python-urllib/2.7","bytecount":213658627,"cmds":"GET","cnt":6,"domain":"sra-download.ncbi.nlm.nih.gov","end":1564531915.955,"ip":"130.14.28.11","start":1564531914.0,"status":"200"}
{"acc":"/traces/wgs03/WGS/AA/AA/AAAA01 HTTP/1.1","agent":"Python-urllib/2.7","bytecount":247591034,"cmds":"GET","cnt":7,"domain":"sra-download.ncbi.nlm.nih.gov","end":1564531317.561,"ip":"130.14.28.7","start":1564531317.0,"status":"200"}
{"acc":"/traces/wgs03/WGS/AA/AA/AAAA01 HTTP/1.1","agent":"Python-urllib/2.7","bytecount":283990925,"cmds":"GET","cnt":8,"domain":"sra-download.ncbi.nlm.nih.gov","end":1564531314.567,"ip":"130.14.28.140","start":1564531314.0,"status":"200"}
{"acc":"/traces/wgs03/WGS/AA/AA/AAAA01 HTTP/1.1","agent":"Python-urllib/2.7","bytecount":416980885,"cmds":"GET","cnt":12,"domain":"sra-download.ncbi.nlm.nih.gov","end":1564531417.864,"ip":"130.14.28.32","start":1564531415.0,"status":"200"}
{"acc":"ERR","agent":"Python-urllib/2.7","bytecount":109985090,"cmds":"GET","cnt":3,"domain":"sra-download.ncbi.nlm.nih.gov","end":1564531662.556,"ip":"130.14.28.11","start":1564531661.0,"status":"200"}
{"acc":"ERR","agent":"Python-urllib/2.7","bytecount":215624058,"cmds":"GET","cnt":6,"domain":"sra-download.ncbi.nlm.nih.gov","end":1564532204.918,"ip":"130.14.28.140","start":1564532203.0,"status":"200"}
{"acc":"ERR","agent":"Python-urllib/2.7","bytecount":278345027,"cmds":"GET","cnt":8,"domain":"sra-download.ncbi.nlm.nih.gov","end":1564532557.615,"ip":"130.14.28.32","start":1564532556.0,"status":"200"}
{"acc":"ERR","agent":"Python-urllib/2.7","bytecount":72034310,"cmds":"GET","cnt":2,"domain":"sra-download.ncbi.nlm.nih.gov","end":1564531245.526,"ip":"130.14.28.7","start":1564531244.0,"status":"200"}
{"acc":"ERR022446","agent":"Python-urllib/2.7","bytecount":1026839436,"cmds":"GET","cnt":58,"domain":"sra-download.ncbi.nlm.nih.gov","end":1564531435.133,"ip":"130.14.28.32","start":1564531412.0,"status":"200 301"}
{"acc":"ERR022446","agent":"Python-urllib/2.7","bytecount":423503462,"cmds":"GET","cnt":26,"domain":"sra-download.ncbi.nlm.nih.gov","end":1564531327.466,"ip":"130.14.28.140","start":1564531313.0,"status":"200 301"}
{"acc":"ERR022446","agent":"Python-urllib/2.7","bytecount":498995238,"cmds":"GET","cnt":23,"domain":"sra-download.ncbi.nlm.nih.gov","end":1564531659.0,"ip":"130.14.28.11","start":1564531659.0,"status":"200 301"}
{"acc":"ERR022446","agent":"Python-urllib/2.7","bytecount":563677672,"cmds":"GET","cnt":20,"domain":"sra-download.ncbi.nlm.nih.gov","end":1564531241.0,"ip":"130.14.28.7","start":1564531241.0,"status":"200 301"}
{"acc":"SRR999607","agent":"Python-urllib/2.7","bytecount":212929120,"cmds":"GET","cnt":9,"domain":"sra-download.ncbi.nlm.nih.gov","end":1564531662.0,"ip":"130.14.28.11","start":1564531662.0,"status":"200 301"}
{"acc":"SRR999607","agent":"Python-urllib/2.7","bytecount":245815421,"cmds":"GET","cnt":9,"domain":"sra-download.ncbi.nlm.nih.gov","end":1564531244.0,"ip":"130.14.28.7","start":1564531244.0,"status":"200 301"}
{"acc":"SRR999607","agent":"Python-urllib/2.7","bytecount":282589636,"cmds":"GET","cnt":14,"domain":"sra-download.ncbi.nlm.nih.gov","end":1564531332.77,"ip":"130.14.28.140","start":1564531317.0,"status":"200 301"}
{"acc":"SRR999607","agent":"Python-urllib/2.7","bytecount":376133607,"cmds":"GET","cnt":20,"domain":"sra-download.ncbi.nlm.nih.gov","end":1564531440.149,"ip":"130.14.28.32","start":1564531417.0,"status":"200 301"}
{"acc":"SRR999664","agent":"Python-urllib/2.7","bytecount":177867509,"cmds":"GET","cnt":7,"domain":"sra-download.ncbi.nlm.nih.gov","end":1564531664.0,"ip":"130.14.28.11","start":1564531664.0,"status":"200 301"}
{"acc":"SRR999664","agent":"Python-urllib/2.7","bytecount":246119483,"cmds":"GET","cnt":15,"domain":"sra-download.ncbi.nlm.nih.gov","end":1564531340.951,"ip":"130.14.28.140","start":1564531323.0,"status":"200 301"}
{"acc":"SRR999664","agent":"Python-urllib/2.7","bytecount":246851857,"cmds":"GET","cnt":10,"domain":"sra-download.ncbi.nlm.nih.gov","end":1564531245.0,"ip":"130.14.28.7","start":1564531245.0,"status":"200 301"}
{"acc":"SRR999664","agent":"Python-urllib/2.7","bytecount":513373517,"cmds":"GET","cnt":28,"domain":"sra-download.ncbi.nlm.nih.gov","end":1564531433.338,"ip":"130.14.28.32","start":1564531411.0,"status":"200 301"}
